// Jest Snapshot v1, https://goo.gl/fbAQLP

exports[`<Header /> should render a div 1`] = `
<div>
  <div>
    <a
      class="HeaderLink-sc-1mtyaiv-0 hMiTYG"
      href="/"
    >
      <span>
        Inicio
      </span>
    </a>
    <a
      class="HeaderLink-sc-1mtyaiv-0 hMiTYG"
      href="/novedades"
    >
      <span>
        Ultimas novedades
      </span>
    </a>
    <a
      class="HeaderLink-sc-1mtyaiv-0 hMiTYG"
      href="/buscador"
    >
      <span>
        Buscar juegos
      </span>
    </a>
    <a
      class="HeaderLink-sc-1mtyaiv-0 hMiTYG"
      href="/registro"
    >
      <span>
        Registrarse
      </span>
    </a>
    <a
      class="HeaderLink-sc-1mtyaiv-0 hMiTYG"
      href="/iniciar"
    >
      <span>
        Iniciar sesion
      </span>
    </a>
    <div>
      <i />
      <input />
    </div>
  </div>
  <a
    class="ALink-sc-1m6t9mc-0 kOMgRE"
    href="index.html"
  >
    <img
      alt="X Games"
      class="Img-sc-9pa8on-0 eepIiv"
      src="IMAGE_MOCK"
    />
  </a>
</div>
`;
